================================================================================
VELES RUN START: 09/21/2026 17:17:46
Monkey: Nike
Sessions to run: ['NRR_RW035', 'NRR_RW034', 'NRR_RW032', 'NRR_RW029']
Process only: []
Scripts:
  - preprocessing_scripts/align_dlc_two_cams_to_br.py
  - preprocessing_scripts/align_VOG_to_br.py
  - preprocessing_scripts/NPRW_Intan_analysis_mf.py
  - preprocessing_scripts/compute_br_to_intan_shifts.py
  - preprocessing_scripts/UA_BR_analysis_ssmf.py
  - preprocessing_scripts/make_aligned_npz_and_mat.py
  - preprocessing_scripts/extract_peri_stim.py
  - preprocessing_scripts/inspect_kinematics_trajectories.py
  - analysis_scripts/cluster_stim_responses.py
================================================================================
[09/21/2026 17:17:46] [NRR_RW035] [preprocessing_scripts/align_dlc_two_cams_to_br.py] IN-PROGRESS
[09/21/2026 17:18:40] [NRR_RW035] [preprocessing_scripts/align_dlc_two_cams_to_br.py] FINISHED: 09/21/2026 17:18:40
[09/21/2026 17:18:40] [NRR_RW035] [preprocessing_scripts/align_VOG_to_br.py] IN-PROGRESS
[09/21/2026 17:18:43] [NRR_RW035] [preprocessing_scripts/align_VOG_to_br.py] FINISHED: 09/21/2026 17:18:43
[09/21/2026 17:18:43] [NRR_RW035] [preprocessing_scripts/NPRW_Intan_analysis_mf.py] IN-PROGRESS
[09/21/2026 18:16:14] [NRR_RW035] [preprocessing_scripts/NPRW_Intan_analysis_mf.py] FINISHED: 09/21/2026 18:16:14
[09/21/2026 18:16:14] [NRR_RW035] [preprocessing_scripts/compute_br_to_intan_shifts.py] IN-PROGRESS
[09/21/2026 18:20:40] [NRR_RW035] [preprocessing_scripts/compute_br_to_intan_shifts.py] FINISHED: 09/21/2026 18:20:40
[09/21/2026 18:20:40] [NRR_RW035] [preprocessing_scripts/UA_BR_analysis_ssmf.py] IN-PROGRESS
[09/21/2026 18:43:13] [NRR_RW035] [preprocessing_scripts/UA_BR_analysis_ssmf.py] FINISHED: 09/21/2026 18:43:13
[09/21/2026 18:43:13] [NRR_RW035] [preprocessing_scripts/make_aligned_npz_and_mat.py] IN-PROGRESS
[09/21/2026 18:44:14] [NRR_RW035] [preprocessing_scripts/make_aligned_npz_and_mat.py] FINISHED: 09/21/2026 18:44:14
[09/21/2026 18:44:15] [NRR_RW035] [preprocessing_scripts/extract_peri_stim.py] IN-PROGRESS
[09/21/2026 18:47:19] [NRR_RW035] [preprocessing_scripts/extract_peri_stim.py] FINISHED: 09/21/2026 18:47:19
[09/21/2026 18:47:19] [NRR_RW035] [preprocessing_scripts/inspect_kinematics_trajectories.py] IN-PROGRESS
[09/21/2026 18:47:29] [NRR_RW035] [preprocessing_scripts/inspect_kinematics_trajectories.py] FINISHED: 09/21/2026 18:47:29
[09/21/2026 18:47:30] [NRR_RW035] [analysis_scripts/cluster_stim_responses.py] IN-PROGRESS
[09/21/2026 18:47:51] [NRR_RW035] [analysis_scripts/cluster_stim_responses.py] FINISHED: 09/21/2026 18:47:51
[09/21/2026 18:47:51] [NRR_RW034] [preprocessing_scripts/align_dlc_two_cams_to_br.py] IN-PROGRESS
[09/21/2026 18:49:35] [NRR_RW034] [preprocessing_scripts/align_dlc_two_cams_to_br.py] FINISHED: 09/21/2026 18:49:35
[09/21/2026 18:49:35] [NRR_RW034] [preprocessing_scripts/align_VOG_to_br.py] IN-PROGRESS
[09/21/2026 18:49:38] [NRR_RW034] [preprocessing_scripts/align_VOG_to_br.py] FINISHED: 09/21/2026 18:49:38
[09/21/2026 18:49:38] [NRR_RW034] [preprocessing_scripts/NPRW_Intan_analysis_mf.py] IN-PROGRESS
[09/21/2026 21:28:57] [NRR_RW034] [preprocessing_scripts/NPRW_Intan_analysis_mf.py] FINISHED: 09/21/2026 21:28:57
[09/21/2026 21:28:58] [NRR_RW034] [preprocessing_scripts/compute_br_to_intan_shifts.py] IN-PROGRESS
[09/21/2026 21:48:26] [NRR_RW034] [preprocessing_scripts/compute_br_to_intan_shifts.py] FINISHED: 09/21/2026 21:48:26
[09/21/2026 21:48:26] [NRR_RW034] [preprocessing_scripts/UA_BR_analysis_ssmf.py] IN-PROGRESS
[09/21/2026 22:30:35] [NRR_RW034] [preprocessing_scripts/UA_BR_analysis_ssmf.py] FINISHED: 09/21/2026 22:30:35
[09/21/2026 22:30:36] [NRR_RW034] [preprocessing_scripts/make_aligned_npz_and_mat.py] IN-PROGRESS
[09/21/2026 22:32:24] [NRR_RW034] [preprocessing_scripts/make_aligned_npz_and_mat.py] FINISHED: 09/21/2026 22:32:24
[09/21/2026 22:32:24] [NRR_RW034] [preprocessing_scripts/extract_peri_stim.py] IN-PROGRESS
[09/21/2026 22:39:20] [NRR_RW034] [preprocessing_scripts/extract_peri_stim.py] FINISHED: 09/21/2026 22:39:20
[09/21/2026 22:39:20] [NRR_RW034] [preprocessing_scripts/inspect_kinematics_trajectories.py] IN-PROGRESS
[09/21/2026 22:40:02] [NRR_RW034] [preprocessing_scripts/inspect_kinematics_trajectories.py] FINISHED: 09/21/2026 22:40:02
[09/21/2026 22:40:02] [NRR_RW034] [analysis_scripts/cluster_stim_responses.py] IN-PROGRESS
[09/21/2026 22:41:59] [NRR_RW034] [analysis_scripts/cluster_stim_responses.py] FINISHED: 09/21/2026 22:41:59
[09/21/2026 22:41:59] [NRR_RW032] [preprocessing_scripts/align_dlc_two_cams_to_br.py] IN-PROGRESS
[09/21/2026 22:43:03] [NRR_RW032] [preprocessing_scripts/align_dlc_two_cams_to_br.py] FINISHED: 09/21/2026 22:43:03
[09/21/2026 22:43:03] [NRR_RW032] [preprocessing_scripts/align_VOG_to_br.py] IN-PROGRESS
[09/21/2026 22:43:06] [NRR_RW032] [preprocessing_scripts/align_VOG_to_br.py] FINISHED: 09/21/2026 22:43:06
[09/21/2026 22:43:06] [NRR_RW032] [preprocessing_scripts/NPRW_Intan_analysis_mf.py] IN-PROGRESS
[09/22/2026 00:04:09] [NRR_RW032] [preprocessing_scripts/NPRW_Intan_analysis_mf.py] FINISHED: 09/22/2026 00:04:09
[09/22/2026 00:04:09] [NRR_RW032] [preprocessing_scripts/compute_br_to_intan_shifts.py] IN-PROGRESS
[09/22/2026 00:11:58] [NRR_RW032] [preprocessing_scripts/compute_br_to_intan_shifts.py] FINISHED: 09/22/2026 00:11:58
[09/22/2026 00:11:59] [NRR_RW032] [preprocessing_scripts/UA_BR_analysis_ssmf.py] IN-PROGRESS
[09/22/2026 00:44:51] [NRR_RW032] [preprocessing_scripts/UA_BR_analysis_ssmf.py] FINISHED: 09/22/2026 00:44:51
[09/22/2026 00:44:51] [NRR_RW032] [preprocessing_scripts/make_aligned_npz_and_mat.py] IN-PROGRESS
[09/22/2026 00:46:16] [NRR_RW032] [preprocessing_scripts/make_aligned_npz_and_mat.py] FINISHED: 09/22/2026 00:46:16
[09/22/2026 00:46:17] [NRR_RW032] [preprocessing_scripts/extract_peri_stim.py] IN-PROGRESS
[09/22/2026 00:53:34] [NRR_RW032] [preprocessing_scripts/extract_peri_stim.py] FINISHED: 09/22/2026 00:53:34
[09/22/2026 00:53:34] [NRR_RW032] [preprocessing_scripts/inspect_kinematics_trajectories.py] IN-PROGRESS
[09/22/2026 00:54:12] [NRR_RW032] [preprocessing_scripts/inspect_kinematics_trajectories.py] FINISHED: 09/22/2026 00:54:12
[09/22/2026 00:54:13] [NRR_RW032] [analysis_scripts/cluster_stim_responses.py] IN-PROGRESS
[09/22/2026 00:56:04] [NRR_RW032] [analysis_scripts/cluster_stim_responses.py] FINISHED: 09/22/2026 00:56:04
[09/22/2026 00:56:04] [NRR_RW029] [preprocessing_scripts/align_dlc_two_cams_to_br.py] IN-PROGRESS
[09/22/2026 00:58:55] [NRR_RW029] [preprocessing_scripts/align_dlc_two_cams_to_br.py] FINISHED: 09/22/2026 00:58:55
[09/22/2026 00:58:55] [NRR_RW029] [preprocessing_scripts/align_VOG_to_br.py] IN-PROGRESS
[09/22/2026 00:58:57] [NRR_RW029] [preprocessing_scripts/align_VOG_to_br.py] FINISHED: 09/22/2026 00:58:57
[09/22/2026 00:58:57] [NRR_RW029] [preprocessing_scripts/NPRW_Intan_analysis_mf.py] IN-PROGRESS
[09/22/2026 04:22:05] [NRR_RW029] [preprocessing_scripts/NPRW_Intan_analysis_mf.py] FINISHED: 09/22/2026 04:22:05
[09/22/2026 04:22:05] [NRR_RW029] [preprocessing_scripts/compute_br_to_intan_shifts.py] IN-PROGRESS
[09/22/2026 04:40:25] [NRR_RW029] [preprocessing_scripts/compute_br_to_intan_shifts.py] FINISHED: 09/22/2026 04:40:25
[09/22/2026 04:40:25] [NRR_RW029] [preprocessing_scripts/UA_BR_analysis_ssmf.py] IN-PROGRESS
[09/22/2026 05:54:50] [NRR_RW029] [preprocessing_scripts/UA_BR_analysis_ssmf.py] FINISHED: 09/22/2026 05:54:50
[09/22/2026 05:54:52] [NRR_RW029] [preprocessing_scripts/make_aligned_npz_and_mat.py] IN-PROGRESS
[09/22/2026 05:58:19] [NRR_RW029] [preprocessing_scripts/make_aligned_npz_and_mat.py] FINISHED: 09/22/2026 05:58:19
[09/22/2026 05:58:20] [NRR_RW029] [preprocessing_scripts/extract_peri_stim.py] IN-PROGRESS
[09/22/2026 06:11:21] [NRR_RW029] [preprocessing_scripts/extract_peri_stim.py] FINISHED: 09/22/2026 06:11:21
[09/22/2026 06:11:21] [NRR_RW029] [preprocessing_scripts/inspect_kinematics_trajectories.py] IN-PROGRESS
[09/22/2026 06:12:25] [NRR_RW029] [preprocessing_scripts/inspect_kinematics_trajectories.py] FINISHED: 09/22/2026 06:12:25
[09/22/2026 06:12:25] [NRR_RW029] [analysis_scripts/cluster_stim_responses.py] IN-PROGRESS
[09/22/2026 06:16:40] [NRR_RW029] [analysis_scripts/cluster_stim_responses.py] FINISHED: 09/22/2026 06:16:40
